fileFilter called for: 1772532322604-jwz5aizouj.jpg mimetype: image/jpeg
fileFilter called for: WhatsApp Image 2026-03-18 at 11.21.47 AM.jpeg mimetype: image/jpeg
fileFilter called for: kothamangalam-students.webp mimetype: image/webp
fileFilter called for: 1772532322604-jwz5aizouj.jpg mimetype: image/jpeg
fileFilter called for: kothamangalam-students.webp mimetype: image/webp
fileFilter called for: 4K ULtra HD _ SAMSUNG UHD Demo× LED TV.mp4 mimetype: video/mp4
fileFilter called for: 1772532322604-jwz5aizouj.jpg mimetype: image/jpeg
fileFilter called for: 1772532322604-jwz5aizouj.jpg mimetype: image/jpeg
fileFilter called for: 1772532322604-jwz5aizouj.jpg mimetype: image/jpeg
fileFilter called for: 4K ULtra HD _ SAMSUNG UHD Demo× LED TV.mp4 mimetype: video/mp4
fileFilter called for: pillers1.png mimetype: image/png
fileFilter called for: 4K ULtra HD _ SAMSUNG UHD Demo× LED TV.mp4 mimetype: video/mp4
fileFilter called for: kothamangalam-students.webp mimetype: image/webp
fileFilter called for: 4K ULtra HD _ SAMSUNG UHD Demo× LED TV.mp4 mimetype: video/mp4
fileFilter called for: WhatsApp Image 2026-03-18 at 11.21.47 AM.jpeg mimetype: image/jpeg
fileFilter called for: 4K ULtra HD _ SAMSUNG UHD Demo× LED TV.mp4 mimetype: video/mp4
fileFilter called for: WhatsApp Image 2026-03-18 at 11.21.47 AM.jpeg mimetype: image/jpeg
fileFilter called for: 4K ULtra HD _ SAMSUNG UHD Demo× LED TV.mp4 mimetype: video/mp4
fileFilter called for: 4K ULtra HD _ SAMSUNG UHD Demo× LED TV.mp4 mimetype: video/mp4
fileFilter called for: 4K ULtra HD _ SAMSUNG UHD Demo× LED TV.mp4 mimetype: video/mp4
fileFilter called for: WhatsApp Image 2026-03-18 at 11.21.47 AM.jpeg mimetype: image/jpeg
fileFilter called for: tax-1.pdf mimetype: application/pdf
fileFilter called for: tax-1.pdf mimetype: application/pdf
